ASxxxx Linker V03.00 + NoICE + sdld,  page 1.
Hexadecimal  [32-Bits]

Area                                    Addr        Size        Decimal Bytes (Attributes)
--------------------------------        ----        ----        ------- ----- ------------
.  .ABS.                            00000000    00000000 =           0. bytes (ABS,CON)

      Value  Global                              Global Defined In Module
      -----  --------------------------------   ------------------------
     FFFFFFFF  s_SSEG                          
     00000000  .__.ABS.                           
     00000000  l_CABS                          
     00000000  l_CONST                         
     00000000  l_DABS                          
     00000000  l__CODE                         
     00000000  s_CABS                          
     00000000  s_DABS                          
     00000000  s__CODE                         
     00000001  l_SSEG                          
     00000001  s_DATA                          
     00000003  l_GSFINAL                       
     00000006  l_DATA                          
     00000007  s_INITIALIZED                   
     0000000A  l_INITIALIZED                   
     0000000A  l_INITIALIZER                   
     0000001A  l_GSINIT                        
     00000057  l_HOME                          
     00000257  l_CODE                          
     00008000  s_HOME                          
     00008057  s_GSINIT                        
     00008071  s_GSFINAL                       
     00008074  s_CONST                         
     00008074  s_INITIALIZER                   
     0000807E  s_CODE                          

ASxxxx Linker V03.00 + NoICE + sdld,  page 2.
Hexadecimal  [32-Bits]

Area                                    Addr        Size        Decimal Bytes (Attributes)
--------------------------------        ----        ----        ------- ----- ------------
DATA                                00000001    00000006 =           6. bytes (REL,CON)

      Value  Global                              Global Defined In Module
      -----  --------------------------------   ------------------------
     00000001  _data                              MODBUS

ASxxxx Linker V03.00 + NoICE + sdld,  page 3.
Hexadecimal  [32-Bits]

Area                                    Addr        Size        Decimal Bytes (Attributes)
--------------------------------        ----        ----        ------- ----- ------------
INITIALIZED                         00000007    0000000A =          10. bytes (REL,CON)

      Value  Global                              Global Defined In Module
      -----  --------------------------------   ------------------------
     00000007  _Divider                           TIMER
     00000009  _frequency                         UART
     0000000D  _baud_rate                         UART
ASxxxx Linker V03.00 + NoICE + sdld,  page 4.
Hexadecimal  [32-Bits]

Area                                    Addr        Size        Decimal Bytes (Attributes)
--------------------------------        ----        ----        ------- ----- ------------
HOME                                00008000    00000057 =          87. bytes (REL,CON)

      Value  Global                              Global Defined In Module
      -----  --------------------------------   ------------------------
ASxxxx Linker V03.00 + NoICE + sdld,  page 5.
Hexadecimal  [32-Bits]

Area                                    Addr        Size        Decimal Bytes (Attributes)
--------------------------------        ----        ----        ------- ----- ------------
GSINIT                              00008057    0000001A =          26. bytes (REL,CON)

      Value  Global                              Global Defined In Module
      -----  --------------------------------   ------------------------
ASxxxx Linker V03.00 + NoICE + sdld,  page 6.
Hexadecimal  [32-Bits]

Area                                    Addr        Size        Decimal Bytes (Attributes)
--------------------------------        ----        ----        ------- ----- ------------
GSFINAL                             00008071    00000003 =           3. bytes (REL,CON)

      Value  Global                              Global Defined In Module
      -----  --------------------------------   ------------------------
ASxxxx Linker V03.00 + NoICE + sdld,  page 7.
Hexadecimal  [32-Bits]

Area                                    Addr        Size        Decimal Bytes (Attributes)
--------------------------------        ----        ----        ------- ----- ------------
INITIALIZER                         00008074    0000000A =          10. bytes (REL,CON)

      Value  Global                              Global Defined In Module
      -----  --------------------------------   ------------------------
ASxxxx Linker V03.00 + NoICE + sdld,  page 8.
Hexadecimal  [32-Bits]

Area                                    Addr        Size        Decimal Bytes (Attributes)
--------------------------------        ----        ----        ------- ----- ------------
CODE                                0000807E    00000257 =         599. bytes (REL,CON)

      Value  Global                              Global Defined In Module
      -----  --------------------------------   ------------------------
     0000807E  _CLK_Config                        CLK
     0000808A  _CLK_Deinit                        CLK
     000080A1  _GPIO_Config                       GPIO
     000080A4  _GPIOD_Config                      GPIO
     000080CD  _main                              main
     000080DA  _IRQ_UART1_RX                      main
     000080DB  _IRQ_TIMER2                        main
     000080E5  _MASTER_Send                       MODBUS
     00008120  _CRC_Calc                          MODBUS
     00008173  _Send_CRC                          MODBUS
     00008182  _Set_Address                       MODBUS
     00008189  _Set_Command                       MODBUS
     00008190  _Set_Register                      MODBUS
     0000819D  _Set_Counter                       MODBUS
     000081AA  _TIMER_Config                      TIMER
     000081AD  _TIMER2_Config                     TIMER
     000081CA  _UART_Config                       UART
     0000823E  _UART_Send                         UART
     0000824A  _UART_Send_16bit                   UART
     00008260  _UART_Send_Buff                    UART
     0000827B  __divulong                         
ASxxxx Linker V03.00 + NoICE + sdld,  page 9.
Hexadecimal  [32-Bits]

Area                                    Addr        Size        Decimal Bytes (Attributes)
--------------------------------        ----        ----        ------- ----- ------------
SSEG                                FFFFFFFF    00000001 =           1. bytes (REL,CON)

      Value  Global                              Global Defined In Module
      -----  --------------------------------   ------------------------
ASxxxx Linker V03.00 + NoICE + sdld,  page 10.

Files Linked                              [ module(s) ]

out/CLK.rel                               [ CLK ]
out/GPIO.rel                              [ GPIO ]
out/main.rel                              [ main ]
out/MODBUS.rel                            [ MODBUS ]
out/TIMER.rel                             [ TIMER ]
out/UART.rel                              [ UART ]


Libraries Linked                          [ object file ]

/usr/bin/../share/sdcc/lib/stm8/stm8.lib  [ _divulong.rel ]

ASxxxx Linker V03.00 + NoICE + sdld,  page 11.

User Base Address Definitions

HOME = 0x8000
DATA = 0x0001
SSEG = 0xffffffff

