ASxxxx Linker V03.00 + NoICE + sdld,  page 1.
Hexadecimal  [32-Bits]

Area                                    Addr        Size        Decimal Bytes (Attributes)
--------------------------------        ----        ----        ------- ----- ------------
.  .ABS.                            00000000    00000000 =           0. bytes (ABS,CON)

      Value  Global                              Global Defined In Module
      -----  --------------------------------   ------------------------
     FFFFFFFF  s_SSEG                          
     00000000  .__.ABS.                           _ulong2fs
     00000000  l_CABS                          
     00000000  l_CONST                         
     00000000  l_DABS                          
     00000000  l__CODE                         
     00000000  s_CABS                          
     00000000  s_DABS                          
     00000000  s__CODE                         
     00000001  l_SSEG                          
     00000001  s_DATA                          
     00000003  l_DATA                          
     00000003  l_GSFINAL                       
     00000004  s_INITIALIZED                   
     00000016  l_INITIALIZED                   
     00000016  l_INITIALIZER                   
     0000001A  l_GSINIT                        
     00000067  l_HOME                          
     00000AD2  l_CODE                          
     00008000  s_HOME                          
     00008067  s_GSINIT                        
     00008081  s_GSFINAL                       
     00008084  s_CONST                         
     00008084  s_INITIALIZER                   
     0000809A  s_CODE                          

ASxxxx Linker V03.00 + NoICE + sdld,  page 2.
Hexadecimal  [32-Bits]

Area                                    Addr        Size        Decimal Bytes (Attributes)
--------------------------------        ----        ----        ------- ----- ------------
DATA                                00000001    00000003 =           3. bytes (REL,CON)

      Value  Global                              Global Defined In Module
      -----  --------------------------------   ------------------------
     00000001  _seg_num                           INDICATION

ASxxxx Linker V03.00 + NoICE + sdld,  page 3.
Hexadecimal  [32-Bits]

Area                                    Addr        Size        Decimal Bytes (Attributes)
--------------------------------        ----        ----        ------- ----- ------------
INITIALIZED                         00000004    00000016 =          22. bytes (REL,CON)

      Value  Global                              Global Defined In Module
      -----  --------------------------------   ------------------------
     00000004  _coefiz                            main
     00000008  _data_ADC                          main
     0000000A  _segs                              main
     0000000B  _Divider                           TIMER
     0000000D  _Duty                              TIMER
     0000000E  _TIM1_DIV                          TIMER
     00000010  _TIM1_REL                          TIMER
     00000012  _frequency                         UART
     00000016  _baud_rate                         UART
ASxxxx Linker V03.00 + NoICE + sdld,  page 4.
Hexadecimal  [32-Bits]

Area                                    Addr        Size        Decimal Bytes (Attributes)
--------------------------------        ----        ----        ------- ----- ------------
HOME                                00008000    00000067 =         103. bytes (REL,CON)

      Value  Global                              Global Defined In Module
      -----  --------------------------------   ------------------------
ASxxxx Linker V03.00 + NoICE + sdld,  page 5.
Hexadecimal  [32-Bits]

Area                                    Addr        Size        Decimal Bytes (Attributes)
--------------------------------        ----        ----        ------- ----- ------------
GSINIT                              00008067    0000001A =          26. bytes (REL,CON)

      Value  Global                              Global Defined In Module
      -----  --------------------------------   ------------------------
ASxxxx Linker V03.00 + NoICE + sdld,  page 6.
Hexadecimal  [32-Bits]

Area                                    Addr        Size        Decimal Bytes (Attributes)
--------------------------------        ----        ----        ------- ----- ------------
GSFINAL                             00008081    00000003 =           3. bytes (REL,CON)

      Value  Global                              Global Defined In Module
      -----  --------------------------------   ------------------------
ASxxxx Linker V03.00 + NoICE + sdld,  page 7.
Hexadecimal  [32-Bits]

Area                                    Addr        Size        Decimal Bytes (Attributes)
--------------------------------        ----        ----        ------- ----- ------------
INITIALIZER                         00008084    00000016 =          22. bytes (REL,CON)

      Value  Global                              Global Defined In Module
      -----  --------------------------------   ------------------------
ASxxxx Linker V03.00 + NoICE + sdld,  page 8.
Hexadecimal  [32-Bits]

Area                                    Addr        Size        Decimal Bytes (Attributes)
--------------------------------        ----        ----        ------- ----- ------------
CODE                                0000809A    00000AD2 =        2770. bytes (REL,CON)

      Value  Global                              Global Defined In Module
      -----  --------------------------------   ------------------------
     0000809A  _ADC_Config                        ADC
     000080CB  _Get_Result                        ADC
     000080E5  _CLK_Config                        CLK
     00008101  _CLK_Deinit                        CLK
     00008118  _GPIO_Config                       GPIO
     00008122  _GPIOB_Config                      GPIO
     00008163  _GPIOC_Config                      GPIO
     00008204  _GPIOD_Config                      GPIO
     0000829D  _Indication                        INDICATION
     00008321  _Numbers                           INDICATION
     000085E3  _main                              main
     000085F4  _IRQ_UART1_RX                      main
     00008605  _IRQ_TIMER1                        main
     00008616  _IRQ_TIMER2                        main
     0000863A  _IRQ_ADC                           main
     000086B9  _TIMER_Config                      TIMER
     000086C0  _TIMER1_Config                     TIMER
     000086FD  _TIMER2_Config                     TIMER
     0000871F  _UART_Config                       UART
     000087A2  _UART_Send                         UART
     000087B2  _UART_Send_16bit                   UART
     000087C8  ___fsmul                           _fsmul
     000089AA  __divulong                         
     00008A04  ___uint2fs                         _uint2fs
     00008A10  ___fs2uint                         _fs2uint
     00008A31  ___muluint2ulong                   
     00008A36  ___mulsint2slong                   
     00008A89  ___fs2ulong                        _fs2ulong
     00008AEC  ___ulong2fs                        _ulong2fs

ASxxxx Linker V03.00 + NoICE + sdld,  page 9.
Hexadecimal  [32-Bits]

Area                                    Addr        Size        Decimal Bytes (Attributes)
--------------------------------        ----        ----        ------- ----- ------------
SSEG                                FFFFFFFF    00000001 =           1. bytes (REL,CON)

      Value  Global                              Global Defined In Module
      -----  --------------------------------   ------------------------
ASxxxx Linker V03.00 + NoICE + sdld,  page 10.

Files Linked                              [ module(s) ]

out/ADC.rel                               [ ADC ]
out/CLK.rel                               [ CLK ]
out/GPIO.rel                              [ GPIO ]
out/INDICATION.rel                        [ INDICATION ]
out/main.rel                              [ main ]
out/TIMER.rel                             [ TIMER ]
out/UART.rel                              [ UART ]


Libraries Linked                          [ object file ]

/usr/bin/../share/sdcc/lib/stm8/stm8.lib  [ _fsmul.rel ]
/usr/bin/../share/sdcc/lib/stm8/stm8.lib  [ _divulong.rel ]
/usr/bin/../share/sdcc/lib/stm8/stm8.lib  [ _uint2fs.rel ]
/usr/bin/../share/sdcc/lib/stm8/stm8.lib  [ _fs2uint.rel ]
/usr/bin/../share/sdcc/lib/stm8/stm8.lib  [ __mulsint2slong.rel ]
/usr/bin/../share/sdcc/lib/stm8/stm8.lib  [ _fs2ulong.rel ]
/usr/bin/../share/sdcc/lib/stm8/stm8.lib  [ _ulong2fs.rel ]

ASxxxx Linker V03.00 + NoICE + sdld,  page 11.

User Base Address Definitions

HOME = 0x8000
DATA = 0x0001
SSEG = 0xffffffff

